MediaPipe not available - using fallback face detection

0: 480x640 4 persons, 1 laptop, 54.3ms
Speed: 8.2ms preprocess, 54.3ms inference, 1.2ms postprocess per image at shape (1, 3, 480, 640)

0: 384x512 1 hand-raising, 1 reading, 65.3ms
Speed: 1.3ms preprocess, 65.3ms inference, 0.5ms postprocess per image at shape (1, 3, 384, 512)
python : Traceback (most recent call last):
At line:1 char:1
+ python "c:/Users/SHAIK/yolo student/image_monitor.py" > "c:/Users/SHA ...
+ ~~~~~~~~~~~~~~~~~~~~~~~~~~~~~~~~~~~~~~~~~~~~~~~~~~~~~~~~~~~~~~~~~~~~~
    + CategoryInfo          : NotSpecified: (Traceback (most recent call last)::String) [], RemoteException
    + FullyQualifiedErrorId : NativeCommandError
 
  File "c:\Users\SHAIK\yolo student\image_monitor.py", line 171, in <module>

Filtering overlapping activity detections...
  Original activity detections: 2
  After filtering: 2
    face_detection_results = face_detector.process(rgb_frame)
NameError: name 'face_detector' is not defined
